Document
 HeaderManager
  Header
   Include
    "include"
    Literal
     "temp"
  HeaderManager
   Header
    Include
     "include"
     Literal
      "t2"
   HeaderManager
    Header
     Include
      "include"
      Literal
       "t3"
    HeaderManager
     end of header instructions
 DefinitionManager
  end of definition instructions
