Document
 HeaderManager
  Header
   Namespace
    "namespace"
    NamespaceScope
     c_glib
    Identifier
     _test
  HeaderManager
   end of header instructions
 DefinitionManager
  end of definition instructions
