Document
 HeaderManager
  Header
   Include
    "include"
    Literal
     "t_literal"
  HeaderManager
   end of header instructions
 DefinitionManager
  end of definition instructions
