Document
 HeaderManager
  Header
   Include
    "include"
    Literal
     "incl0"
  HeaderManager
   Header
    Include
     "include"
     Literal
      "incl1"
   HeaderManager
    Header
     Include
      "include"
      Literal
       "incl2"
    HeaderManager
     Header
      Include
       "include"
       Literal
        "incl3"
     HeaderManager
      Header
       CppInclude
        "cpp_include"
        Literal
         "cp0"
      HeaderManager
       Header
        Namespace
         "namespace"
         NamespaceScope
          cpp
         Identifier
          id0
       HeaderManager
        Header
         CppInclude
          "cpp_include"
          Literal
           "cp1"
        HeaderManager
         Header
          Namespace
           "namespace"
           NamespaceScope
            c_glib
           Identifier
            id1
         HeaderManager
          end of header instructions
 DefinitionManager
  end of definition instructions
