Document
 HeaderManager
  Header
   Include
    include
    Literal
     "t_literal"
  HeaderManager
   $
 DefinitionManager
  $
